2026-02-04T07:47:49.122-06:00  INFO 18348 --- [tfg] [restartedMain] com.anthony.tfg.tfg.TfgApplication       : Starting TfgApplication v1.0.0 using Java 21.0.9 with PID 18348 (C:\Users\aalva\OneDrive\Documentos\Codigo\tfg\target\classes started by aalva in C:\Users\aalva\OneDrive\Documentos\Codigo\tfg)
2026-02-04T07:47:49.137-06:00  INFO 18348 --- [tfg] [restartedMain] com.anthony.tfg.tfg.TfgApplication       : No active profile set, falling back to 1 default profile: "default"
2026-02-04T07:47:49.225-06:00  INFO 18348 --- [tfg] [restartedMain] .e.DevToolsPropertyDefaultsPostProcessor : Devtools property defaults active! Set 'spring.devtools.add-properties' to 'false' to disable
2026-02-04T07:47:49.225-06:00  INFO 18348 --- [tfg] [restartedMain] .e.DevToolsPropertyDefaultsPostProcessor : For additional web related logging consider setting the 'logging.level.web' property to 'DEBUG'
2026-02-04T07:47:49.248-06:00  INFO 18348 --- [tfg] [restartedMain] .s.b.d.c.l.DockerComposeLifecycleManager : Using Docker Compose file C:\Users\aalva\OneDrive\Documentos\Codigo\tfg\compose.yaml
2026-02-04T07:47:50.770-06:00  INFO 18348 --- [tfg] [OutputReader-stderr] o.s.boot.docker.compose.core.DockerCli   :  Container tfg-postgres  Starting
2026-02-04T07:47:51.399-06:00  INFO 18348 --- [tfg] [OutputReader-stderr] o.s.boot.docker.compose.core.DockerCli   :  Container tfg-postgres  Started
2026-02-04T07:47:51.400-06:00  INFO 18348 --- [tfg] [OutputReader-stderr] o.s.boot.docker.compose.core.DockerCli   :  Container tfg-postgres  Waiting
2026-02-04T07:47:51.907-06:00  INFO 18348 --- [tfg] [OutputReader-stderr] o.s.boot.docker.compose.core.DockerCli   :  Container tfg-postgres  Healthy
2026-02-04T07:47:54.018-06:00  INFO 18348 --- [tfg] [restartedMain] .s.d.r.c.RepositoryConfigurationDelegate : Bootstrapping Spring Data JPA repositories in DEFAULT mode.
2026-02-04T07:47:54.295-06:00  INFO 18348 --- [tfg] [restartedMain] .s.d.r.c.RepositoryConfigurationDelegate : Finished Spring Data repository scanning in 257 ms. Found 18 JPA repository interfaces.
2026-02-04T07:47:55.528-06:00  INFO 18348 --- [tfg] [restartedMain] o.s.b.w.embedded.tomcat.TomcatWebServer  : Tomcat initialized with port 8080 (http)
2026-02-04T07:47:55.560-06:00  INFO 18348 --- [tfg] [restartedMain] o.apache.catalina.core.StandardService   : Starting service [Tomcat]
2026-02-04T07:47:55.562-06:00  INFO 18348 --- [tfg] [restartedMain] o.apache.catalina.core.StandardEngine    : Starting Servlet engine: [Apache Tomcat/10.1.48]
2026-02-04T07:47:55.642-06:00  INFO 18348 --- [tfg] [restartedMain] o.a.c.c.C.[Tomcat].[localhost].[/]       : Initializing Spring embedded WebApplicationContext
2026-02-04T07:47:55.642-06:00  INFO 18348 --- [tfg] [restartedMain] w.s.c.ServletWebServerApplicationContext : Root WebApplicationContext: initialization completed in 3116 ms
2026-02-04T07:47:55.909-06:00  INFO 18348 --- [tfg] [restartedMain] o.hibernate.jpa.internal.util.LogHelper  : HHH000204: Processing PersistenceUnitInfo [name: default]
2026-02-04T07:47:56.040-06:00  INFO 18348 --- [tfg] [restartedMain] org.hibernate.Version                    : HHH000412: Hibernate ORM core version 6.6.33.Final
2026-02-04T07:47:56.110-06:00  INFO 18348 --- [tfg] [restartedMain] o.h.c.internal.RegionFactoryInitiator    : HHH000026: Second-level cache disabled
2026-02-04T07:47:56.659-06:00  INFO 18348 --- [tfg] [restartedMain] o.s.o.j.p.SpringPersistenceUnitInfo      : No LoadTimeWeaver setup: ignoring JPA class transformer
2026-02-04T07:47:56.710-06:00  INFO 18348 --- [tfg] [restartedMain] com.zaxxer.hikari.HikariDataSource       : HikariPool-1 - Starting...
2026-02-04T07:47:56.963-06:00  INFO 18348 --- [tfg] [restartedMain] com.zaxxer.hikari.pool.HikariPool        : HikariPool-1 - Added connection org.postgresql.jdbc.PgConnection@7e9d6677
2026-02-04T07:47:56.965-06:00  INFO 18348 --- [tfg] [restartedMain] com.zaxxer.hikari.HikariDataSource       : HikariPool-1 - Start completed.
2026-02-04T07:47:57.029-06:00  WARN 18348 --- [tfg] [restartedMain] org.hibernate.orm.deprecation            : HHH90000025: PostgreSQLDialect does not need to be specified explicitly using 'hibernate.dialect' (remove the property setting and it will be selected by default)
2026-02-04T07:47:57.067-06:00  INFO 18348 --- [tfg] [restartedMain] org.hibernate.orm.connections.pooling    : HHH10001005: Database info:
	Database JDBC URL [Connecting through datasource 'HikariDataSource (HikariPool-1)']
	Database driver: undefined/unknown
	Database version: 15.15
	Autocommit mode: undefined/unknown
	Isolation level: undefined/unknown
	Minimum pool size: undefined/unknown
	Maximum pool size: undefined/unknown
2026-02-04T07:47:59.026-06:00  INFO 18348 --- [tfg] [restartedMain] o.h.e.t.j.p.i.JtaPlatformInitiator       : HHH000489: No JTA platform available (set 'hibernate.transaction.jta.platform' to enable JTA platform integration)
2026-02-04T07:47:59.400-06:00  INFO 18348 --- [tfg] [restartedMain] j.LocalContainerEntityManagerFactoryBean : Initialized JPA EntityManagerFactory for persistence unit 'default'
2026-02-04T07:48:00.145-06:00  INFO 18348 --- [tfg] [restartedMain] o.s.d.j.r.query.QueryEnhancerFactory     : Hibernate is in classpath; If applicable, HQL parser will be used.
2026-02-04T07:48:02.537-06:00  INFO 18348 --- [tfg] [restartedMain] eAuthenticationProviderManagerConfigurer : Global AuthenticationManager configured with AuthenticationProvider bean with name authenticationProvider
2026-02-04T07:48:02.539-06:00  WARN 18348 --- [tfg] [restartedMain] r$InitializeUserDetailsManagerConfigurer : Global AuthenticationManager configured with an AuthenticationProvider bean. UserDetailsService beans will not be used by Spring Security for automatically configuring username/password login. Consider removing the AuthenticationProvider bean. Alternatively, consider using the UserDetailsService in a manually instantiated DaoAuthenticationProvider. If the current configuration is intentional, to turn off this warning, increase the logging level of 'org.springframework.security.config.annotation.authentication.configuration.InitializeUserDetailsBeanManagerConfigurer' to ERROR
2026-02-04T07:48:02.608-06:00  WARN 18348 --- [tfg] [restartedMain] JpaBaseConfiguration$JpaWebConfiguration : spring.jpa.open-in-view is enabled by default. Therefore, database queries may be performed during view rendering. Explicitly configure spring.jpa.open-in-view to disable this warning
2026-02-04T07:48:02.833-06:00 DEBUG 18348 --- [tfg] [restartedMain] s.w.s.m.m.a.RequestMappingHandlerMapping : 129 mappings in 'requestMappingHandlerMapping'
2026-02-04T07:48:02.981-06:00 DEBUG 18348 --- [tfg] [restartedMain] o.s.w.s.handler.SimpleUrlHandlerMapping  : Patterns [/webjars/**, /**] in 'resourceHandlerMapping'
2026-02-04T07:48:03.162-06:00 DEBUG 18348 --- [tfg] [restartedMain] o.s.s.web.DefaultSecurityFilterChain     : Will secure any request with filters: DisableEncodeUrlFilter, WebAsyncManagerIntegrationFilter, SecurityContextHolderFilter, HeaderWriterFilter, CorsFilter, LogoutFilter, JwtAuthenticationFilter, RequestCacheAwareFilter, SecurityContextHolderAwareRequestFilter, AnonymousAuthenticationFilter, SessionManagementFilter, ExceptionTranslationFilter, AuthorizationFilter
2026-02-04T07:48:03.289-06:00 DEBUG 18348 --- [tfg] [restartedMain] s.w.s.m.m.a.RequestMappingHandlerAdapter : ControllerAdvice beans: 0 @ModelAttribute, 0 @InitBinder, 1 RequestBodyAdvice, 1 ResponseBodyAdvice
2026-02-04T07:48:03.365-06:00 DEBUG 18348 --- [tfg] [restartedMain] .m.m.a.ExceptionHandlerExceptionResolver : ControllerAdvice beans: 1 @ExceptionHandler, 1 ResponseBodyAdvice
2026-02-04T07:48:03.555-06:00  INFO 18348 --- [tfg] [restartedMain] org.quartz.impl.StdSchedulerFactory      : Using default implementation for ThreadExecutor
2026-02-04T07:48:03.567-06:00  INFO 18348 --- [tfg] [restartedMain] org.quartz.core.SchedulerSignalerImpl    : Initialized Scheduler Signaller of type: class org.quartz.core.SchedulerSignalerImpl
2026-02-04T07:48:03.567-06:00  INFO 18348 --- [tfg] [restartedMain] org.quartz.core.QuartzScheduler          : Quartz Scheduler v2.5.0 created.
2026-02-04T07:48:03.570-06:00  INFO 18348 --- [tfg] [restartedMain] org.quartz.simpl.RAMJobStore             : RAMJobStore initialized.
2026-02-04T07:48:03.571-06:00  INFO 18348 --- [tfg] [restartedMain] org.quartz.core.QuartzScheduler          : Scheduler meta-data: Quartz Scheduler (v2.5.0) 'quartzScheduler' with instanceId 'NON_CLUSTERED'
  Scheduler class: 'org.quartz.core.QuartzScheduler' - running locally.
  NOT STARTED.
  Currently in standby mode.
  Number of jobs executed: 0
  Using thread pool 'org.quartz.simpl.SimpleThreadPool' - with 10 threads.
  Using job-store 'org.quartz.simpl.RAMJobStore' - which does not support persistence. and is not clustered.

2026-02-04T07:48:03.572-06:00  INFO 18348 --- [tfg] [restartedMain] org.quartz.impl.StdSchedulerFactory      : Quartz scheduler 'quartzScheduler' initialized from an externally provided properties instance.
2026-02-04T07:48:03.572-06:00  INFO 18348 --- [tfg] [restartedMain] org.quartz.impl.StdSchedulerFactory      : Quartz scheduler version: 2.5.0
2026-02-04T07:48:03.573-06:00  INFO 18348 --- [tfg] [restartedMain] org.quartz.core.QuartzScheduler          : JobFactory set to: org.springframework.scheduling.quartz.SpringBeanJobFactory@72da3ce6
2026-02-04T07:48:03.697-06:00  INFO 18348 --- [tfg] [restartedMain] o.s.b.d.a.OptionalLiveReloadServer       : LiveReload server is running on port 35729
2026-02-04T07:48:03.772-06:00  INFO 18348 --- [tfg] [restartedMain] o.s.b.w.embedded.tomcat.TomcatWebServer  : Tomcat started on port 8080 (http) with context path '/'
2026-02-04T07:48:03.775-06:00  INFO 18348 --- [tfg] [restartedMain] o.s.s.quartz.SchedulerFactoryBean        : Starting Quartz Scheduler now
2026-02-04T07:48:03.777-06:00  INFO 18348 --- [tfg] [restartedMain] org.quartz.core.QuartzScheduler          : Scheduler quartzScheduler_$_NON_CLUSTERED started.
2026-02-04T07:48:03.797-06:00  INFO 18348 --- [tfg] [restartedMain] com.anthony.tfg.tfg.TfgApplication       : Started TfgApplication in 15.403 seconds (process running for 16.366)
2026-02-04T07:48:03.918-06:00  INFO 18348 --- [tfg] [restartedMain] com.anthony.tfg.tfg.Config.DataSeeder    : Database already seeded (employees exist), skipping...
2026-02-04T07:48:49.277-06:00  INFO 18348 --- [tfg] [http-nio-8080-exec-1] o.a.c.c.C.[Tomcat].[localhost].[/]       : Initializing Spring DispatcherServlet 'dispatcherServlet'
2026-02-04T07:48:49.287-06:00  INFO 18348 --- [tfg] [http-nio-8080-exec-1] o.s.web.servlet.DispatcherServlet        : Initializing Servlet 'dispatcherServlet'
2026-02-04T07:48:49.287-06:00 DEBUG 18348 --- [tfg] [http-nio-8080-exec-1] o.s.web.servlet.DispatcherServlet        : Detected StandardServletMultipartResolver
2026-02-04T07:48:49.287-06:00 DEBUG 18348 --- [tfg] [http-nio-8080-exec-1] o.s.web.servlet.DispatcherServlet        : Detected AcceptHeaderLocaleResolver
2026-02-04T07:48:49.287-06:00 DEBUG 18348 --- [tfg] [http-nio-8080-exec-1] o.s.web.servlet.DispatcherServlet        : Detected FixedThemeResolver
2026-02-04T07:48:49.289-06:00 DEBUG 18348 --- [tfg] [http-nio-8080-exec-1] o.s.web.servlet.DispatcherServlet        : Detected org.springframework.web.servlet.view.DefaultRequestToViewNameTranslator@77a56d03
2026-02-04T07:48:49.291-06:00 DEBUG 18348 --- [tfg] [http-nio-8080-exec-1] o.s.web.servlet.DispatcherServlet        : Detected org.springframework.web.servlet.support.SessionFlashMapManager@5dbb9ee7
2026-02-04T07:48:49.291-06:00 DEBUG 18348 --- [tfg] [http-nio-8080-exec-1] o.s.web.servlet.DispatcherServlet        : enableLoggingRequestDetails='false': request parameters and headers will be masked to prevent unsafe logging of potentially sensitive data
2026-02-04T07:48:49.291-06:00  INFO 18348 --- [tfg] [http-nio-8080-exec-1] o.s.web.servlet.DispatcherServlet        : Completed initialization in 4 ms
2026-02-04T07:48:49.336-06:00 DEBUG 18348 --- [tfg] [http-nio-8080-exec-1] o.s.security.web.FilterChainProxy        : Securing OPTIONS /auth/login
2026-02-04T07:48:49.379-06:00 DEBUG 18348 --- [tfg] [http-nio-8080-exec-2] o.s.security.web.FilterChainProxy        : Securing POST /auth/login
2026-02-04T07:48:49.383-06:00 DEBUG 18348 --- [tfg] [http-nio-8080-exec-2] o.s.s.w.a.AnonymousAuthenticationFilter  : Set SecurityContextHolder to anonymous SecurityContext
2026-02-04T07:48:49.383-06:00 DEBUG 18348 --- [tfg] [http-nio-8080-exec-2] o.s.security.web.FilterChainProxy        : Secured POST /auth/login
2026-02-04T07:48:49.391-06:00 DEBUG 18348 --- [tfg] [http-nio-8080-exec-2] o.s.web.servlet.DispatcherServlet        : POST "/auth/login", parameters={}
2026-02-04T07:48:49.395-06:00 DEBUG 18348 --- [tfg] [http-nio-8080-exec-2] s.w.s.m.m.a.RequestMappingHandlerMapping : Mapped to com.anthony.tfg.tfg.Modulos.Seguridad.auth.AuthController#login(LoginRequest)
2026-02-04T07:48:49.424-06:00 DEBUG 18348 --- [tfg] [http-nio-8080-exec-2] m.m.a.RequestResponseBodyMethodProcessor : Read "application/json;charset=UTF-8" to [LoginRequest(username=admin_sasteria, password=TestPass123!)]
2026-02-04T07:48:49.651-06:00 DEBUG 18348 --- [tfg] [http-nio-8080-exec-2] o.s.s.a.dao.DaoAuthenticationProvider    : Authenticated user
2026-02-04T07:48:49.789-06:00 DEBUG 18348 --- [tfg] [http-nio-8080-exec-2] o.s.w.s.m.m.a.HttpEntityMethodProcessor  : Using 'application/json', given [*/*] and supported [application/json, application/*+json]
2026-02-04T07:48:49.789-06:00 DEBUG 18348 --- [tfg] [http-nio-8080-exec-2] o.s.w.s.m.m.a.HttpEntityMethodProcessor  : Writing [AuthResponse(token=eyJhbGciOiJIUzI1NiJ9.eyJ1c2VySWQiOjEsImlkRW1wbGVhZG8iOjEsInJvbGUiOiJBRE1JTiIsIm5v (truncated)...]
2026-02-04T07:48:49.802-06:00 DEBUG 18348 --- [tfg] [http-nio-8080-exec-2] o.s.web.servlet.DispatcherServlet        : Completed 200 OK
2026-02-04T07:48:51.521-06:00 DEBUG 18348 --- [tfg] [http-nio-8080-exec-3] o.s.security.web.FilterChainProxy        : Securing OPTIONS /api/jornada-diaria
2026-02-04T07:48:51.524-06:00 DEBUG 18348 --- [tfg] [http-nio-8080-exec-4] o.s.security.web.FilterChainProxy        : Securing OPTIONS /api/jornada-diaria
2026-02-04T07:48:51.527-06:00 DEBUG 18348 --- [tfg] [http-nio-8080-exec-5] o.s.security.web.FilterChainProxy        : Securing GET /api/jornada-diaria
2026-02-04T07:48:51.620-06:00 DEBUG 18348 --- [tfg] [http-nio-8080-exec-5] o.s.security.web.FilterChainProxy        : Secured GET /api/jornada-diaria
2026-02-04T07:48:51.621-06:00 DEBUG 18348 --- [tfg] [http-nio-8080-exec-5] o.s.web.servlet.DispatcherServlet        : GET "/api/jornada-diaria", parameters={}
2026-02-04T07:48:51.621-06:00 DEBUG 18348 --- [tfg] [http-nio-8080-exec-5] s.w.s.m.m.a.RequestMappingHandlerMapping : Mapped to com.anthony.tfg.tfg.Modulos.JornadaDiaria.Controlador.ControladorJornadaDiaria#obtenerTodos()
2026-02-04T07:48:51.799-06:00  INFO 18348 --- [tfg] [http-nio-8080-exec-5] c.a.t.t.M.J.S.ServicioJornadaDiaria      : Se han obtenido todas las jornadas diarias. La cantidad de registros es: 432
2026-02-04T07:48:51.807-06:00 DEBUG 18348 --- [tfg] [http-nio-8080-exec-5] o.s.w.s.m.m.a.HttpEntityMethodProcessor  : Using 'application/json', given [*/*] and supported [application/json, application/*+json]
2026-02-04T07:48:51.808-06:00 DEBUG 18348 --- [tfg] [http-nio-8080-exec-5] o.s.w.s.m.m.a.HttpEntityMethodProcessor  : Writing [[com.anthony.tfg.tfg.DTOs.Respuesta.RespuestaJornadaDiariaDTO@2d9c56e3, com.anthony.tfg.tfg.DTOs.Res (truncated)...]
2026-02-04T07:48:51.820-06:00 DEBUG 18348 --- [tfg] [http-nio-8080-exec-6] o.s.security.web.FilterChainProxy        : Securing GET /api/jornada-diaria
2026-02-04T07:48:51.834-06:00 DEBUG 18348 --- [tfg] [http-nio-8080-exec-5] o.s.web.servlet.DispatcherServlet        : Completed 200 OK
2026-02-04T07:48:51.842-06:00 DEBUG 18348 --- [tfg] [http-nio-8080-exec-6] o.s.security.web.FilterChainProxy        : Secured GET /api/jornada-diaria
2026-02-04T07:48:51.842-06:00 DEBUG 18348 --- [tfg] [http-nio-8080-exec-6] o.s.web.servlet.DispatcherServlet        : GET "/api/jornada-diaria", parameters={}
2026-02-04T07:48:51.842-06:00 DEBUG 18348 --- [tfg] [http-nio-8080-exec-6] s.w.s.m.m.a.RequestMappingHandlerMapping : Mapped to com.anthony.tfg.tfg.Modulos.JornadaDiaria.Controlador.ControladorJornadaDiaria#obtenerTodos()
2026-02-04T07:48:51.918-06:00  INFO 18348 --- [tfg] [http-nio-8080-exec-6] c.a.t.t.M.J.S.ServicioJornadaDiaria      : Se han obtenido todas las jornadas diarias. La cantidad de registros es: 432
2026-02-04T07:48:51.920-06:00 DEBUG 18348 --- [tfg] [http-nio-8080-exec-6] o.s.w.s.m.m.a.HttpEntityMethodProcessor  : Using 'application/json', given [*/*] and supported [application/json, application/*+json]
2026-02-04T07:48:51.921-06:00 DEBUG 18348 --- [tfg] [http-nio-8080-exec-6] o.s.w.s.m.m.a.HttpEntityMethodProcessor  : Writing [[com.anthony.tfg.tfg.DTOs.Respuesta.RespuestaJornadaDiariaDTO@709ee274, com.anthony.tfg.tfg.DTOs.Res (truncated)...]
2026-02-04T07:48:51.931-06:00 DEBUG 18348 --- [tfg] [http-nio-8080-exec-6] o.s.web.servlet.DispatcherServlet        : Completed 200 OK
2026-02-04T07:51:17.730-06:00  INFO 18348 --- [tfg] [SpringApplicationShutdownHook] org.quartz.core.QuartzScheduler          : Scheduler quartzScheduler_$_NON_CLUSTERED paused.
2026-02-04T07:51:17.732-06:00  INFO 18348 --- [tfg] [SpringApplicationShutdownHook] o.s.b.w.e.tomcat.GracefulShutdown        : Commencing graceful shutdown. Waiting for active requests to complete
2026-02-04T07:51:17.741-06:00  INFO 18348 --- [tfg] [tomcat-shutdown] o.s.b.w.e.tomcat.GracefulShutdown        : Graceful shutdown complete
2026-02-04T07:51:17.744-06:00  INFO 18348 --- [tfg] [SpringApplicationShutdownHook] o.s.s.quartz.SchedulerFactoryBean        : Shutting down Quartz Scheduler
2026-02-04T07:51:17.745-06:00  INFO 18348 --- [tfg] [SpringApplicationShutdownHook] org.quartz.core.QuartzScheduler          : Scheduler quartzScheduler_$_NON_CLUSTERED shutting down.
2026-02-04T07:51:17.745-06:00  INFO 18348 --- [tfg] [SpringApplicationShutdownHook] org.quartz.core.QuartzScheduler          : Scheduler quartzScheduler_$_NON_CLUSTERED paused.
2026-02-04T07:51:17.745-06:00  INFO 18348 --- [tfg] [SpringApplicationShutdownHook] org.quartz.core.QuartzScheduler          : Scheduler quartzScheduler_$_NON_CLUSTERED shutdown complete.
2026-02-04T07:51:17.752-06:00  INFO 18348 --- [tfg] [SpringApplicationShutdownHook] j.LocalContainerEntityManagerFactoryBean : Closing JPA EntityManagerFactory for persistence unit 'default'
2026-02-04T07:51:17.758-06:00  INFO 18348 --- [tfg] [SpringApplicationShutdownHook] com.zaxxer.hikari.HikariDataSource       : HikariPool-1 - Shutdown initiated...
2026-02-04T07:51:17.766-06:00  INFO 18348 --- [tfg] [SpringApplicationShutdownHook] com.zaxxer.hikari.HikariDataSource       : HikariPool-1 - Shutdown completed.
